// Jest Snapshot v1, https://goo.gl/fbAQLP

exports[`Test Login Form Create snapshot 1`] = `
<WithStyles(ForwardRef(Container))
  component="main"
  maxWidth="xs"
>
  <CssBaseline />
  <div
    className="makeStyles-paper-1"
  >
    <WithStyles(ForwardRef(Avatar))
      className="makeStyles-avatar-2"
    >
      <LockOutlinedIcon />
    </WithStyles(ForwardRef(Avatar))>
    <WithStyles(ForwardRef(Typography))
      component="h1"
      variant="h5"
    >
      Login
    </WithStyles(ForwardRef(Typography))>
    <form
      className="makeStyles-form-3"
      noValidate={true}
    >
      <WithStyles(ForwardRef(Grid))
        container={true}
        spacing={2}
      >
        <WithStyles(ForwardRef(Grid))
          item={true}
          xs={12}
        >
          <InputText
            autoComplete="fname"
            autoFocus={true}
            fullWidth={true}
            id="username"
            label="User Name"
            name="username"
            required={true}
            setChange={[Function]}
            textField={
              Object {
                "error": "",
                "isError": false,
                "value": "",
              }
            }
            type="text"
            variant="outlined"
          />
        </WithStyles(ForwardRef(Grid))>
        <WithStyles(ForwardRef(Grid))
          item={true}
          xs={12}
        >
          <InputText
            autoComplete="fname"
            autoFocus={true}
            fullWidth={true}
            id="password"
            label="Password"
            name="password"
            required={true}
            setChange={[Function]}
            textField={
              Object {
                "error": "",
                "isError": false,
                "value": "",
              }
            }
            type="password"
            variant="outlined"
          />
        </WithStyles(ForwardRef(Grid))>
      </WithStyles(ForwardRef(Grid))>
      <WithStyles(WithFormControlContext(ForwardRef(FormControlLabel)))
        control={
          <ForwardRef(WithStyles)
            color="primary"
            value="remember"
          />
        }
        label="Remember me"
      />
      <WithStyles(ForwardRef(Button))
        className="makeStyles-submit-4"
        color="primary"
        fullWidth={true}
        onClick={[Function]}
        type="submit"
        variant="contained"
      >
        Login
      </WithStyles(ForwardRef(Button))>
      <WithStyles(ForwardRef(Grid))
        container={true}
      >
        <WithStyles(ForwardRef(Grid))
          item={true}
          xs={true}
        >
          <WithStyles(ForwardRef(Link))
            component={[Function]}
            to="/ResetPassword"
            variant="body2"
          >
            Forgot password?
          </WithStyles(ForwardRef(Link))>
        </WithStyles(ForwardRef(Grid))>
        <WithStyles(ForwardRef(Grid))
          item={true}
        >
          <WithStyles(ForwardRef(Link))
            component={[Function]}
            to="/Register"
            variant="body2"
          >
             
            Register
          </WithStyles(ForwardRef(Link))>
        </WithStyles(ForwardRef(Grid))>
      </WithStyles(ForwardRef(Grid))>
    </form>
  </div>
  <Styled(MuiBox)
    mt={5}
  >
    <MadeWithLove />
  </Styled(MuiBox)>
</WithStyles(ForwardRef(Container))>
`;
